\BOOKMARK [1][-]{section.1}{\376\377\140\035\200\003\230\230\211\343\173\124}{}% 1
\BOOKMARK [2][-]{subsection.1.1}{\376\377\000C\0008\0000\0005\0001\000F\0003\0001\0000\123\125\162\107\147\072\147\011\124\352\116\233\145\260\162\171\140\047\377\037}{section.1}% 2
\BOOKMARK [2][-]{subsection.1.2}{\376\377\000C\0008\0000\0005\0001\000F\0003\0001\0000\166\204\143\007\116\344\142\147\210\114\145\366\225\364\124\214\117\040\176\337\0008\0000\0005\0001\123\125\162\107\147\072\166\204\123\072\122\053\146\057\116\300\116\110\377\037}{section.1}% 3
\BOOKMARK [2][-]{subsection.1.3}{\376\377\000C\0008\0000\0005\0001\000F\0003\0001\0000\123\125\162\107\147\072\133\232\145\366\126\150\166\204\145\366\224\237\147\011\124\352\116\233\220\011\142\351\377\037}{section.1}% 4
\BOOKMARK [2][-]{subsection.1.4}{\376\377\000C\000o\000n\000f\000i\000g\000u\000r\000a\000t\000i\000o\000n\000\040\000W\000i\000z\000a\000r\000d\143\320\117\233\126\376\137\142\123\026\221\115\177\156\145\271\154\325\377\014\213\367\143\011\161\147\133\236\232\214\0003\227\000\154\102\221\115\177\156\000I\000O\123\343\060\002}{section.1}% 5
\BOOKMARK [2][-]{subsection.1.5}{\376\377\000C\0008\0000\0005\0001\000F\0003\0001\0000\123\125\162\107\147\072\171\360\116\072\000S\000o\000C\166\204\123\237\126\340\146\057\116\300\116\110\377\037}{section.1}% 6
\BOOKMARK [2][-]{subsection.1.6}{\376\377\116\272\135\345\146\172\200\375\145\366\116\343\123\125\162\107\147\072\123\357\200\375\166\204\123\321\134\125\215\213\122\277\060\002}{section.1}% 7
\BOOKMARK [1][-]{section.2}{\376\377\117\134\124\301\213\276\213\241\145\271\150\110}{}% 8
\BOOKMARK [2][-]{subsection.2.1}{\376\377\230\171\166\356\200\314\146\157\116\016\141\017\116\111}{section.2}% 9
\BOOKMARK [2][-]{subsection.2.2}{\376\377\122\237\200\375\227\000\154\102\122\006\147\220}{section.2}% 10
\BOOKMARK [2][-]{subsection.2.3}{\376\377\174\373\176\337\140\073\117\123\213\276\213\241}{section.2}% 11
\BOOKMARK [2][-]{subsection.2.4}{\376\377\150\070\137\303\173\227\154\325\133\236\163\260}{section.2}% 12
\BOOKMARK [1][-]{section.3}{\376\377\117\134\124\301\122\033\145\260\160\271\124\214\116\272\147\072\116\244\116\222\213\276\213\241}{}% 13
\BOOKMARK [2][-]{subsection.3.1}{\376\377\122\033\145\260\160\271\226\020\217\360}{section.3}% 14
\BOOKMARK [2][-]{subsection.3.2}{\376\377\116\272\147\072\116\244\116\222\213\276\213\241}{section.3}% 15
\BOOKMARK [1][-]{section.4}{\376\377\134\017\176\304\213\250\213\272\123\321\212\000}{}% 16
\BOOKMARK [2][-]{subsection.4.1}{\376\377\173\054\116\000\153\041\213\250\213\272\377\032\230\171\166\356\220\011\230\230\153\324\217\203}{section.4}% 17
\BOOKMARK [2][-]{subsection.4.2}{\376\377\173\054\116\214\153\041\213\250\213\272\377\032\000C\0008\0000\0005\0001\000F\0003\0001\0000\215\104\145\231\133\146\116\140}{section.4}% 18
\BOOKMARK [2][-]{subsection.4.3}{\376\377\173\054\116\011\153\041\213\250\213\272\377\032\170\154\116\366\215\104\156\220\122\006\221\115}{section.4}% 19
\BOOKMARK [2][-]{subsection.4.4}{\376\377\173\054\126\333\153\041\213\250\213\272\377\032\217\157\116\366\162\266\140\001\147\072\213\276\213\241}{section.4}% 20
\BOOKMARK [2][-]{subsection.4.5}{\376\377\173\054\116\224\153\041\213\250\213\272\377\032\150\070\137\303\173\227\154\325\124\214\116\244\116\222\117\030\123\026}{section.4}% 21
\BOOKMARK [2][-]{subsection.4.6}{\376\377\173\054\121\155\153\041\213\250\213\272\377\032\142\245\124\112\124\214\116\343\170\001\145\164\164\006}{section.4}% 22
\BOOKMARK [1][-]{section.5}{\376\377\230\171\166\356\140\073\176\323\124\214\116\052\116\272\215\041\163\056\210\150\217\360}{}% 23
\BOOKMARK [2][-]{subsection.5.1}{\376\377\230\171\166\356\230\204\147\037\142\020\147\234\124\214\140\073\176\323\141\037\140\237}{section.5}% 24
\BOOKMARK [2][-]{subsection.5.2}{\376\377\176\304\225\177\123\312\176\304\124\130\122\006\135\345\124\214\215\041\163\056\143\317\217\360}{section.5}% 25
\BOOKMARK [1][-]{appendix.A}{\376\377\000U\000A\000R\000T\116\062\123\343\217\336\143\245\213\364\146\016}{}% 26
\BOOKMARK [1][-]{appendix.B}{\376\377\133\214\145\164\000A\000S\000M\116\343\170\001\156\005\123\125}{}% 27
\BOOKMARK [2][-]{subsection.B.1}{\376\377\202\257\162\107\133\304\133\130\126\150\131\064\145\207\116\366}{appendix.B}% 28
\BOOKMARK [2][-]{subsection.B.2}{\376\377\230\171\166\356\121\154\121\161\133\232\116\111}{appendix.B}% 29
\BOOKMARK [2][-]{subsection.B.3}{\376\377\230\166\134\102\121\145\123\343\116\016\116\055\145\255\124\021\221\317}{appendix.B}% 30
\BOOKMARK [2][-]{subsection.B.4}{\376\377\122\035\131\313\123\026\116\016\116\073\137\252\163\257}{appendix.B}% 31
\BOOKMARK [2][-]{subsection.B.5}{\376\377\156\070\142\017\162\266\140\001\147\072\116\016\116\055\145\255\147\015\122\241}{appendix.B}% 32
\BOOKMARK [2][-]{subsection.B.6}{\376\377\146\076\171\072\060\001\225\056\166\330\060\001\000L\000E\000D\124\214\000U\000A\000R\000T\152\041\127\127}{appendix.B}% 33
\BOOKMARK [2][-]{subsection.B.7}{\376\377\217\205\122\251\220\073\217\221\116\016\147\345\142\176\210\150}{appendix.B}% 34
